EdSharp.cs(8718,1): warning CS0618: 'Microsoft.VisualBasic.Compatibility.VB6.Support' is obsolete: 'Microsoft.VisualBasic.Compatibility.* classes are obsolete and supported within 32 bit processes only. http://go.microsoft.com/fwlink/?linkid=160862'
EdSharp.cs(8718,1): warning CS0618: 'Microsoft.VisualBasic.Compatibility.VB6.Support.SetItemData(System.Windows.Forms.Control, int, int)' is obsolete: 'Microsoft.VisualBasic.Compatibility.* classes are obsolete and supported within 32 bit processes only. http://go.microsoft.com/fwlink/?linkid=160862'
EdSharp.cs(8741,14): warning CS0618: 'Microsoft.VisualBasic.Compatibility.VB6.Support' is obsolete: 'Microsoft.VisualBasic.Compatibility.* classes are obsolete and supported within 32 bit processes only. http://go.microsoft.com/fwlink/?linkid=160862'
EdSharp.cs(8741,14): warning CS0618: 'Microsoft.VisualBasic.Compatibility.VB6.Support.GetItemData(System.Windows.Forms.Control, int)' is obsolete: 'Microsoft.VisualBasic.Compatibility.* classes are obsolete and supported within 32 bit processes only. http://go.microsoft.com/fwlink/?linkid=160862'
EdSharp.cs(11215,48): warning CS0618: 'Microsoft.VisualBasic.Compatibility.VB6.Support' is obsolete: 'Microsoft.VisualBasic.Compatibility.* classes are obsolete and supported within 32 bit processes only. http://go.microsoft.com/fwlink/?linkid=160862'
EdSharp.cs(11215,8): warning CS0618: 'Microsoft.VisualBasic.Compatibility.VB6.Support' is obsolete: 'Microsoft.VisualBasic.Compatibility.* classes are obsolete and supported within 32 bit processes only. http://go.microsoft.com/fwlink/?linkid=160862'
EdSharp.cs(11215,8): warning CS0618: 'Microsoft.VisualBasic.Compatibility.VB6.Support.FontChangeBold(System.Drawing.Font, bool)' is obsolete: 'Microsoft.VisualBasic.Compatibility.* classes are obsolete and supported within 32 bit processes only. http://go.microsoft.com/fwlink/?linkid=160862'
EdSharp.cs(11219,48): warning CS0618: 'Microsoft.VisualBasic.Compatibility.VB6.Support' is obsolete: 'Microsoft.VisualBasic.Compatibility.* classes are obsolete and supported within 32 bit processes only. http://go.microsoft.com/fwlink/?linkid=160862'
EdSharp.cs(11219,8): warning CS0618: 'Microsoft.VisualBasic.Compatibility.VB6.Support' is obsolete: 'Microsoft.VisualBasic.Compatibility.* classes are obsolete and supported within 32 bit processes only. http://go.microsoft.com/fwlink/?linkid=160862'
EdSharp.cs(11219,8): warning CS0618: 'Microsoft.VisualBasic.Compatibility.VB6.Support.FontChangeItalic(System.Drawing.Font, bool)' is obsolete: 'Microsoft.VisualBasic.Compatibility.* classes are obsolete and supported within 32 bit processes only. http://go.microsoft.com/fwlink/?linkid=160862'
EdSharp.cs(11223,48): warning CS0618: 'Microsoft.VisualBasic.Compatibility.VB6.Support' is obsolete: 'Microsoft.VisualBasic.Compatibility.* classes are obsolete and supported within 32 bit processes only. http://go.microsoft.com/fwlink/?linkid=160862'
EdSharp.cs(11223,8): warning CS0618: 'Microsoft.VisualBasic.Compatibility.VB6.Support' is obsolete: 'Microsoft.VisualBasic.Compatibility.* classes are obsolete and supported within 32 bit processes only. http://go.microsoft.com/fwlink/?linkid=160862'
EdSharp.cs(11223,8): warning CS0618: 'Microsoft.VisualBasic.Compatibility.VB6.Support.FontChangeUnderline(System.Drawing.Font, bool)' is obsolete: 'Microsoft.VisualBasic.Compatibility.* classes are obsolete and supported within 32 bit processes only. http://go.microsoft.com/fwlink/?linkid=160862'
