Build started 7/4/2011 11:18:27 AM.
     1>Project "c:\EdSharp\new_NFBTrans\NFBTR774\nfbtrans.vcxproj" on node 2 (build target(s)).
     1>InitializeBuildStatus:
         Creating "Debug\nfbtrans.unsuccessfulbuild" because "AlwaysCreate" was specified.
       ClCompile:
         C:\Program Files\Microsoft Visual Studio 10.0\VC\bin\CL.exe /c /ZI /nologo /W0 /WX- /Od /Oy- /D WIN32 /D _DEBUG /D _CONSOLE /Gm /EHsc /RTC1 /MDd /GS /fp:precise /Zc:wchar_t /Zc:forScope /Fo"Debug\\" /Fd"Debug\vc100.pdb" /Gd /TC /analyze- /errorReport:prompt NFBTRANS.C
         NFBTRANS.C
       ManifestResourceCompile:
         C:\Program Files\Microsoft SDKs\Windows\v7.0A\bin\rc.exe /nologo /fo"Debug\nfbtrans.exe.embed.manifest.res" Debug\nfbtrans_manifest.rc 
       Link:
         C:\Program Files\Microsoft Visual Studio 10.0\VC\bin\link.exe /ERRORREPORT:PROMPT /OUT:"C:\EdSharp\new_NFBTrans\NFBTR774\Debug\nfbtrans.exe" /INCREMENTAL /NOLOGO kernel32.lib user32.lib gdi32.lib winspool.lib comdlg32.lib advapi32.lib shell32.lib ole32.lib oleaut32.lib uuid.lib odbc32.lib odbccp32.lib /MANIFEST /ManifestFile:"Debug\nfbtrans.exe.intermediate.manifest" /MANIFESTUAC:"level='asInvoker' uiAccess='false'" /DEBUG /PDB:"C:\EdSharp\new_NFBTrans\NFBTR774\Debug\nfbtrans.pdb" /SUBSYSTEM:CONSOLE /TLBID:1 /DYNAMICBASE /NXCOMPAT /IMPLIB:"C:\EdSharp\new_NFBTrans\NFBTR774\Debug\nfbtrans.lib" /MACHINE:X86 Debug\nfbtrans.exe.embed.manifest.res
         Debug\NFBTRANS.obj
       Manifest:
         C:\Program Files\Microsoft SDKs\Windows\v7.0A\bin\mt.exe /nologo /verbose /out:"Debug\nfbtrans.exe.embed.manifest" /manifest Debug\nfbtrans.exe.intermediate.manifest
         C:\Program Files\Microsoft SDKs\Windows\v7.0A\bin\rc.exe /nologo /fo"Debug\nfbtrans.exe.embed.manifest.res" Debug\nfbtrans_manifest.rc 
       LinkEmbedManifest:
         C:\Program Files\Microsoft Visual Studio 10.0\VC\bin\link.exe /ERRORREPORT:PROMPT /OUT:"C:\EdSharp\new_NFBTrans\NFBTR774\Debug\nfbtrans.exe" /INCREMENTAL /NOLOGO kernel32.lib user32.lib gdi32.lib winspool.lib comdlg32.lib advapi32.lib shell32.lib ole32.lib oleaut32.lib uuid.lib odbc32.lib odbccp32.lib /MANIFEST /ManifestFile:"Debug\nfbtrans.exe.intermediate.manifest" /MANIFESTUAC:"level='asInvoker' uiAccess='false'" /DEBUG /PDB:"C:\EdSharp\new_NFBTrans\NFBTR774\Debug\nfbtrans.pdb" /SUBSYSTEM:CONSOLE /TLBID:1 /DYNAMICBASE /NXCOMPAT /IMPLIB:"C:\EdSharp\new_NFBTrans\NFBTR774\Debug\nfbtrans.lib" /MACHINE:X86 Debug\nfbtrans.exe.embed.manifest.res
         Debug\NFBTRANS.obj
         nfbtrans.vcxproj -> C:\EdSharp\new_NFBTrans\NFBTR774\Debug\nfbtrans.exe
       FinalizeBuildStatus:
         Deleting file "Debug\nfbtrans.unsuccessfulbuild".
         Touching "Debug\nfbtrans.lastbuildstate".
     1>Done Building Project "c:\EdSharp\new_NFBTrans\NFBTR774\nfbtrans.vcxproj" (build target(s)).

Build succeeded.

Time Elapsed 00:00:06.71
